// Jest Snapshot v1, https://goo.gl/fbAQLP

exports[`NotAuthUser Should NotAuthUser render correctly 1`] = `
Array [
  <a
    className="user-block__link"
    href="/login"
    onClick={[Function]}
  >
    Sign in
  </a>,
  ",",
]
`;
